adm
admin
ann
anon
anonymous/anonymous
asg
backup
batch
bbx
bin
checkfsys
checkssys
clu
console
cron
daemon
date
dcl
decmail
decnet
decnet/ddennet
decnet/nonpriv
default
default/user
demo
diag
digital
din
dos
dptp
fault
field
field/digital
field/service
field/test
finger
ftp
games
geac
general
getty
gsa
guest
guest/anonymous
guest/friend
guest/guest
guest/welcome
help
helpdesk
host
ingres
install
iris
library
link
listen
log
lp
lpadm
lpadmin
mail
mailer
maint
mait
makefsys
makessys
man
manager
menu
mountfsys
mountssys
msgs
mso
ncrm
net
netcon
netmgr
netnonpriv/nonpriv
netpriv
netserver
network
new
news
nobody
notes
nuucp
nuucpa
oper
operator
opervax
oracle
postmaster
postmaster/mail
powerdown
printer
priv
pub
public
reboot
remote
report
reports
rje
rlogin
root
root2
rroot
sa
sas
sccs
setup
shutdown
somebody
ssck
sso
standard
startup
student
sync
sys
sys5
sysadm
sysadmin
sysbin
sysbin/bin
sysbin/sysbin
sysdiag
sysinfo
sysmaint
sysmaint/digital
sysmaint/service
sysmait
sysman
system
system/manager
system/operator
system/syslib
system/uetp
systest
systest_clig/systest
tech
teledemo
test
trouble
tty
tty01
tty1a
tty1b
tty1c
tty1d
umountfsys
umountssys
unix
usenet
user
user/user
user/user1
userp
userp/user
usr
usrc
uucp
uucpa
uucpom2
uuhelp
vax
veal
visitor
vlsr
vms
vt100
who
xdm
